Microchip MPLAB XC8 Compiler V2.41

Linker command line:

-W-3 \
  --edf=C:\Program Files\Microchip\XC8_Ver2.41\pic\dat\20230208172133_en.msgs \
  -cn -h+dist/default/production\I2C_SHT30.X.production.sym \
  --cmf=dist/default/production\I2C_SHT30.X.production.cmf -z -Q16F1936 \
  -oC:\Users\HAUDO~1\AppData\Local\Temp\xcAsi3o.\driver_tmp_3.o \
  --defsym=__MPLAB_BUILD=1 --fixupoverflow=error \
  -Mdist/default/production/I2C_SHT30.X.production.map \
  --md=C:\Users\HAUDO~1\AppData\Local\Temp\xcAsi3o.\driver_tmp_0.dat -E1 \
  -ver=XC8 Compiler --acfsm=1493 -ACODE=00h-07FFhx4 -ASTRCODE=00h-01FFFh \
  -ASTRING=00h-0FFhx32 -ACONST=00h-0FFhx32 -AENTRY=00h-0FFhx32 \
  -ACOMMON=070h-07Fh -ABANK0=020h-06Fh -ABANK1=0A0h-0EFh \
  -ABANK2=0120h-016Fh -ABANK3=01A0h-01EFh -ABANK4=0220h-026Fh \
  -ABANK5=02A0h-02EFh -ABANK6=0320h-032Fh -ABIGRAM=02000h-021EFh \
  -ARAM=020h-06Fh,0A0h-0EFh,0120h-016Fh,01A0h-01EFh,0220h-026Fh,02A0h-02EFh,0320h-032Fh \
  -AABS1=020h-07Fh,0A0h-0EFh,0120h-016Fh,01A0h-01EFh,0220h-026Fh,02A0h-02EFh,0320h-032Fh \
  -ASFR0=00h-01Fh -ASFR1=080h-09Fh -ASFR2=0100h-011Fh -ASFR3=0180h-019Fh \
  -ASFR4=0200h-021Fh -ASFR5=0280h-029Fh -ASFR6=0300h-031Fh \
  -ASFR7=0380h-03EFh -ASFR8=0400h-046Fh -ASFR9=0480h-04EFh \
  -ASFR10=0500h-056Fh -ASFR11=0580h-05EFh -ASFR12=0600h-066Fh \
  -ASFR13=0680h-06EFh -ASFR14=0700h-076Fh -ASFR15=0780h-07EFh \
  -ASFR16=0800h-086Fh -ASFR17=0880h-08EFh -ASFR18=0900h-096Fh \
  -ASFR19=0980h-09EFh -ASFR20=0A00h-0A6Fh -ASFR21=0A80h-0AEFh \
  -ASFR22=0B00h-0B6Fh -ASFR23=0B80h-0BEFh -ASFR24=0C00h-0C6Fh \
  -ASFR25=0C80h-0CEFh -ASFR26=0D00h-0D6Fh -ASFR27=0D80h-0DEFh \
  -ASFR28=0E00h-0E6Fh -ASFR29=0E80h-0EEFh -ASFR30=0F00h-0F6Fh \
  -ASFR31=0F80h-0FEFh -ACONFIG=08007h-08008h -DCONFIG=2 \
  -AIDLOC=08000h-08003h -DIDLOC=2 -AEEDATA=00h-0FFh/0F000h \
  -peeprom_data=EEDATA -DEEDATA=2 -DCODE=2 -DSTRCODE=2 -DSTRING=2 -DCONST=2 \
  -DENTRY=2 -preset_vec=00h,intentry=04h,init,end_init -ppowerup=CODE \
  -pcinit=CODE -pfunctab=ENTRY -k \
  C:\Users\HAUDO~1\AppData\Local\Temp\xcAsi3o.\driver_tmp_15.o \
  dist/default/production\I2C_SHT30.X.production.o 

Object code version is 3.11

Machine type is 16F1936



                Name                               Link     Load   Length Selector   Space Scale
C:\Users\HAUDO~1\AppData\Local\Temp\xcAsi3o.\driver_tmp_15.o
                end_init                             55       55        2        8       0
                reset_vec                             0        0        2        0       0
                config                             8007     8007        2        0       4
                idloc                              8000     8000        4        0       5
dist/default/production\I2C_SHT30.X.production.o
                cinit                                57       57       35        8       0
                intentry                              4        4       51        8       0
                config                             8007     8007        2        0       4
                idloc                              8000     8000        4        0       5
                text63                              2B6      2B6       19      502       0
                text62                              457      457        4      796       0
                text61                              472      472        1      796       0
                text60                              453      453        4      796       0
                text59                              164      164       3A        8       0
                text58                              23F      23F       22        8       0
                text57                              46A      46A        3      796       0
                text56                              467      467        3      796       0
                text55                              34F      34F        E      502       0
                text54                              21B      21B       24        8       0
                text53                              39C      39C        B      502       0
                text52                              33E      33E       11      502       0
                text51                              32D      32D       11      502       0
                text50                              31C      31C       11      502       0
                text49                              30B      30B       11      502       0
                text48                              2CF      2CF       18      502       0
                text47                              46F      46F        2      796       0
                text46                              46D      46D        2      796       0
                text45                              464      464        3      796       0
                text44                              44F      44F        4      796       0
                text43                              461      461        3      796       0
                text42                              44B      44B        4      796       0
                text41                              43E      43E        5      796       0
                text40                              40B      40B        6      796       0
                text39                              45E      45E        3      796       0
                text38                              19E      19E       2D        8       0
                text37                              439      439        5      796       0
                text36                              3BA      3BA        9      502       0
                text35                              3CB      3CB        8      796       0
                text34                               8C       8C       53        8       0
                text33                               DF       DF       43        8       0
                text32                              3DA      3DA        7      796       0
                text31                              434      434        5      796       0
                text30                              42F      42F        5      796       0
                text29                              42A      42A        5      796       0
                text28                              425      425        5      796       0
                text27                              420      420        5      796       0
                text26                              41B      41B        5      796       0
                text25                              416      416        5      796       0
                text24                              411      411        5      796       0
                text23                              1F3      1F3       28        8       0
                text22                              45B      45B        3      796       0
                text21                              1CB      1CB       28        8       0
                text20                              447      447        4      796       0
                text19                              3A7      3A7        A      502       0
                text18                              471      471        1      796       0
                text17                              377      377        D      502       0
                text16                              2FA      2FA       11      502       0
                text15                              36A      36A        D      502       0
                text13                              405      405        6      796       0
                text12                              3FF      3FF        6      796       0
                text11                              3F9      3F9        6      796       0
                text10                              3F3      3F3        6      796       0
                text9                               3ED      3ED        6      796       0
                text8                               122      122       42        8       0
                text7                               3B1      3B1        9      502       0
                text6                               3D3      3D3        7      796       0
                text5                               281      281       1C      502       0
                text4                               3E7      3E7        6      796       0
                text3                               29D      29D       19      502       0
                text2                               443      443        4      796       0
                text1                               2E7      2E7       13      502       0
                maintext                            3E1      3E1        6      796       0
                cstackBANK0                          6E       6E        2       20       1
                cstackCOMMON                         70       70        C       70       1
                clrtext                             390      390        C      502       0
                inittext                            384      384        C      502       0
                bssBANK1                             A0       A0       30       A0       1
                dataBANK0                            55       55        D       20       1
                bssBANK0                             20       20       35       20       1
                bssCOMMON                            7C       7C        2       70       1
                nvBANK0                              62       62        C       20       1
                stringtext2                         3C3      3C3        8      786       0
                stringtext1                         261      261       20      4C2       0
                idataBANK0                          35D      35D        D      502       0

TOTAL           Name                               Link     Load   Length     Space
        CLASS   CODE           
                end_init                             55       55        2         0
                cinit                                57       57       35         0
                intentry                              4        4       51         0
                reset_vec                             0        0        2         0
                text63                              2B6      2B6       19         0
                text62                              457      457        4         0
                text61                              472      472        1         0
                text60                              453      453        4         0
                text59                              164      164       3A         0
                text58                              23F      23F       22         0
                text57                              46A      46A        3         0
                text56                              467      467        3         0
                text55                              34F      34F        E         0
                text54                              21B      21B       24         0
                text53                              39C      39C        B         0
                text52                              33E      33E       11         0
                text51                              32D      32D       11         0
                text50                              31C      31C       11         0
                text49                              30B      30B       11         0
                text48                              2CF      2CF       18         0
                text47                              46F      46F        2         0
                text46                              46D      46D        2         0
                text45                              464      464        3         0
                text44                              44F      44F        4         0
                text43                              461      461        3         0
                text42                              44B      44B        4         0
                text41                              43E      43E        5         0
                text40                              40B      40B        6         0
                text39                              45E      45E        3         0
                text38                              19E      19E       2D         0
                text37                              439      439        5         0
                text36                              3BA      3BA        9         0
                text35                              3CB      3CB        8         0
                text34                               8C       8C       53         0
                text33                               DF       DF       43         0
                text32                              3DA      3DA        7         0
                text31                              434      434        5         0
                text30                              42F      42F        5         0
                text29                              42A      42A        5         0
                text28                              425      425        5         0
                text27                              420      420        5         0
                text26                              41B      41B        5         0
                text25                              416      416        5         0
                text24                              411      411        5         0
                text23                              1F3      1F3       28         0
                text22                              45B      45B        3         0
                text21                              1CB      1CB       28         0
                text20                              447      447        4         0
                text19                              3A7      3A7        A         0
                text18                              471      471        1         0
                text17                              377      377        D         0
                text16                              2FA      2FA       11         0
                text15                              36A      36A        D         0
                text13                              405      405        6         0
                text12                              3FF      3FF        6         0
                text11                              3F9      3F9        6         0
                text10                              3F3      3F3        6         0
                text9                               3ED      3ED        6         0
                text8                               122      122       42         0
                text7                               3B1      3B1        9         0
                text6                               3D3      3D3        7         0
                text5                               281      281       1C         0
                text4                               3E7      3E7        6         0
                text3                               29D      29D       19         0
                text2                               443      443        4         0
                text1                               2E7      2E7       13         0
                maintext                            3E1      3E1        6         0
                clrtext                             390      390        C         0
                inittext                            384      384        C         0
                idataBANK0                          35D      35D        D         0

        CLASS   STRCODE        
                stringtext2                         3C3      3C3        8         0
                stringtext1                         261      261       20         0

        CLASS   STRING         

        CLASS   CONST          

        CLASS   ENTRY          

        CLASS   COMMON         
                cstackCOMMON                         70       70        C         1
                bssCOMMON                            7C       7C        2         1

        CLASS   BANK0          
                cstackBANK0                          6E       6E        2         1
                dataBANK0                            55       55        D         1
                bssBANK0                             20       20       35         1
                nvBANK0                              62       62        C         1

        CLASS   BANK1          
                bssBANK1                             A0       A0       30         1

        CLASS   BANK2          

        CLASS   BANK3          

        CLASS   BANK4          

        CLASS   BANK5          

        CLASS   BANK6          

        CLASS   BIGRAM         

        CLASS   RAM            

        CLASS   ABS1           
                abs_s1                               7E       7E        2         1
                abs_s1                              154      154       1C         1
                abs_s1                              1A0      1A0       50         1
                abs_s1                              220      220       50         1
                abs_s1                              2A0      2A0       50         1
                abs_s1                              320      320       10         1
                abs_s1                             20D4     20D4        0         1

        CLASS   SFR0           

        CLASS   SFR1           

        CLASS   SFR2           

        CLASS   SFR3           

        CLASS   SFR4           

        CLASS   SFR5           

        CLASS   SFR6           

        CLASS   SFR7           

        CLASS   SFR8           

        CLASS   SFR9           

        CLASS   SFR10          

        CLASS   SFR11          

        CLASS   SFR12          

        CLASS   SFR13          

        CLASS   SFR14          

        CLASS   SFR15          

        CLASS   SFR16          

        CLASS   SFR17          

        CLASS   SFR18          

        CLASS   SFR19          

        CLASS   SFR20          

        CLASS   SFR21          

        CLASS   SFR22          

        CLASS   SFR23          

        CLASS   SFR24          

        CLASS   SFR25          

        CLASS   SFR26          

        CLASS   SFR27          

        CLASS   SFR28          

        CLASS   SFR29          

        CLASS   SFR30          

        CLASS   SFR31          

        CLASS   CONFIG         
                config                             8007     8007        2         4

        CLASS   IDLOC          
                idloc                              8000     8000        4         5

        CLASS   EEDATA         

        CLASS   BANK31         

        CLASS   BANK30         

        CLASS   BANK29         

        CLASS   BANK28         

        CLASS   BANK27         

        CLASS   BANK26         

        CLASS   BANK25         

        CLASS   BANK24         

        CLASS   BANK23         

        CLASS   BANK22         

        CLASS   BANK21         

        CLASS   BANK20         

        CLASS   BANK19         

        CLASS   BANK18         

        CLASS   BANK17         

        CLASS   BANK16         

        CLASS   BANK15         

        CLASS   BANK14         

        CLASS   BANK13         

        CLASS   BANK12         

        CLASS   BANK11         

        CLASS   BANK10         

        CLASS   BANK9          

        CLASS   BANK8          

        CLASS   BANK7          

        CLASS   HEAP           

        CLASS   STACK          



SEGMENTS        Name                           Load    Length   Top    Selector   Space  Class     Delta

                reset_vec                      000000  000002  000002         0       0  CODE        2
                intentry                       000004  00025D  000261         8       0  CODE        2
                bssBANK0                       000020  000050  000070        20       1  BANK0       1
                cstackCOMMON                   000070  00000E  00007E        70       1  COMMON      1
                bssBANK1                       0000A0  000030  0000D0        A0       1  BANK1       1
                stringtext1                    000261  000020  000281       4C2       0  STRCODE     2
                text5                          000281  000142  0003C3       502       0  CODE        2
                stringtext2                    0003C3  000008  0003CB       786       0  STRCODE     2
                text35                         0003CB  0000A8  000473       796       0  CODE        2


UNUSED ADDRESS RANGES

        Name                Unused          Largest block    Delta
        BANK1            000D0-000EF              20           1
        BANK2            00120-00153              34           1
        BIGRAM           02000-021EF             1F0           1
        CODE             00002-00003               2           2
                         00473-01FFF             800
        CONST            00002-00003               2           2
                         00473-01FFF             100
        EEDATA           0F000-0F0FF             100           2
        ENTRY            00002-00003               2           2
                         00473-01FFF             100
        RAM              000D0-000EF              20           1
                         00120-00153              34
        SFR0             00000-0001F              20           1
        SFR1             00080-0009F              20           1
        SFR10            00500-0056F              70           1
        SFR11            00580-005EF              70           1
        SFR12            00600-0066F              70           1
        SFR13            00680-006EF              70           1
        SFR14            00700-0076F              70           1
        SFR15            00780-007EF              70           1
        SFR16            00800-0086F              70           1
        SFR17            00880-008EF              70           1
        SFR18            00900-0096F              70           1
        SFR19            00980-009EF              70           1
        SFR2             00100-0011F              20           1
        SFR20            00A00-00A6F              70           1
        SFR21            00A80-00AEF              70           1
        SFR22            00B00-00B6F              70           1
        SFR23            00B80-00BEF              70           1
        SFR24            00C00-00C6F              70           1
        SFR25            00C80-00CEF              70           1
        SFR26            00D00-00D6F              70           1
        SFR27            00D80-00DEF              70           1
        SFR28            00E00-00E6F              70           1
        SFR29            00E80-00EEF              70           1
        SFR3             00180-0019F              20           1
        SFR30            00F00-00F6F              70           1
        SFR31            00F80-00FEF              70           1
        SFR4             00200-0021F              20           1
        SFR5             00280-0029F              20           1
        SFR6             00300-0031F              20           1
        SFR7             00380-003EF              70           1
        SFR8             00400-0046F              70           1
        SFR9             00480-004EF              70           1
        STRCODE          00002-00003               2           2
                         00473-01FFF            1B8D
        STRING           00002-00003               2           2
                         00473-01FFF             100

                                  Symbol Table

EUSART_SetErrorHandler@interruptHandler        cstackBANK0  0006E
EUSART_SetFramingErrorHandler@interruptHandler cstackBANK0  0006E
EUSART_SetOverrunErrorHandler@interruptHandler cstackBANK0  0006E
EUSART_SetRxInterruptHandler@interruptHandler  cstackBANK0  0006E
EUSART_SetTxInterruptHandler@interruptHandler  cstackBANK0  0006E
I2C_CallbackReturnReset@funPtr                 cstackCOMMON 00077
I2C_MasterSendTxData@data                      cstackCOMMON 00070
I2C_SetBuffer@buffer                           cstackCOMMON 00072
I2C_SetBuffer@bufferSize                       cstackCOMMON 00070
I2C_SetCallback@cb                             cstackCOMMON 00070
I2C_SetCallback@idx                            cstackCOMMON 00073
I2C_SetCallback@ptr                            cstackCOMMON 00072
I2C_SetDataCompleteCallback@cb                 cstackCOMMON 00074
I2C_SetDataCompleteCallback@ptr                cstackCOMMON 00076
TMR1_SetInterruptHandler@InterruptHandler      cstackBANK0  0006E
TMR1_WriteTimer@timerVal                       cstackCOMMON 00070
_ANSELA                                        (abs)        0018C
_ANSELB                                        (abs)        0018D
_APFCON                                        (abs)        0011D
_BAUDCON                                       (abs)        0019F
_BORCON                                        (abs)        00116
_EUSART_DefaultErrorHandler                    text62       00457
_EUSART_DefaultFramingErrorHandler             text61       00472
_EUSART_DefaultOverrunErrorHandler             text60       00453
_EUSART_ErrorHandler                           nvBANK0      00064
_EUSART_FramingErrorHandler                    nvBANK0      00068
_EUSART_Initialize                             text8        00122
_EUSART_OverrunErrorHandler                    nvBANK0      00066
_EUSART_Receive_ISR                            text59       00164
_EUSART_RxDataHandler                          text63       002B6
_EUSART_RxDefaultInterruptHandler              nvBANK0      0006A
_EUSART_SetErrorHandler                        text13       00405
_EUSART_SetFramingErrorHandler                 text12       003FF
_EUSART_SetOverrunErrorHandler                 text11       003F9
_EUSART_SetRxInterruptHandler                  text10       003F3
_EUSART_SetTxInterruptHandler                  text9        003ED
_EUSART_Transmit_ISR                           text58       0023F
_EUSART_TxDefaultInterruptHandler              nvBANK0      0006C
_Humidity                                      bssBANK0     00051
_I2C_CallbackReturnReset                       text46       0046D
_I2C_CallbackReturnStop                        text47       0046F
_I2C_DO_ADDRESS_NACK                           text23       001F3
_I2C_DO_IDLE                                   text37       00439
_I2C_DO_RCEN                                   text32       003DA
_I2C_DO_RESET                                  text24       00411
_I2C_DO_RX                                     text33       000DF
_I2C_DO_RX_ACK                                 text27       00420
_I2C_DO_RX_NACK_RESTART                        text25       00416
_I2C_DO_RX_NACK_STOP                           text26       0041B
_I2C_DO_SEND_ADR_READ                          text36       003BA
_I2C_DO_SEND_ADR_WRITE                         text35       003CB
_I2C_DO_SEND_RESTART                           text29       0042A
_I2C_DO_SEND_RESTART_READ                      text31       00434
_I2C_DO_SEND_RESTART_WRITE                     text30       0042F
_I2C_DO_SEND_STOP                              text28       00425
_I2C_DO_TX                                     text34       0008C
_I2C_DO_TX_EMPTY                               text38       0019E
_I2C_Initialize                                text7        003B1
_I2C_MasterClearIrq                            text22       0045B
_I2C_MasterEnableRestart                       text57       0046A
_I2C_MasterFsm                                 text21       001CB
_I2C_MasterGetRxData                           text43       00461
_I2C_MasterIsNack                              text40       0040B
_I2C_MasterIsr                                 text20       00447
_I2C_MasterSendAck                             text42       0044B
_I2C_MasterSendNack                            text44       0044F
_I2C_MasterSendTxData                          text41       0043E
_I2C_MasterSetIrq                              text39       0045E
_I2C_MasterStartRx                             text45       00464
_I2C_MasterStop                                text56       00467
_I2C_SetBuffer                                 text55       0034F
_I2C_SetCallback                               text54       0021B
_I2C_SetDataCompleteCallback                   text53       0039C
_I2C_Status                                    bssBANK0     00020
_INTCONbits                                    (abs)        0000B
_INTERRUPT_InterruptManager                    intentry     00004
_LATA                                          (abs)        0010C
_LATB                                          (abs)        0010D
_LATC                                          (abs)        0010E
_LATCbits                                      (abs)        0010E
_LATE                                          (abs)        00110
_MB_Register                                   bssBANK0     0004D
_MSSP_InterruptHandler                         bssBANK0     00043
_OPTION_REGbits                                (abs)        00095
_OSCCON                                        (abs)        00099
_OSCILLATOR_Initialize                         text6        003D3
_OSCTUNE                                       (abs)        00098
_PIE1bits                                      (abs)        00091
_PIE2bits                                      (abs)        00092
_PIN_MANAGER_Initialize                        text5        00281
_PIR1bits                                      (abs)        00011
_PIR2bits                                      (abs)        00012
_RCREG                                         (abs)        00199
_RCSTA                                         (abs)        0019D
_RCSTAbits                                     (abs)        0019D
_SES_Modbus                                    (abs)        020D4
_SHT30_CMD_MEASURE_H_Disable                   dataBANK0    00060
_SPBRGH                                        (abs)        0019C
_SPBRGL                                        (abs)        0019B
_SSPADD                                        (abs)        00212
_SSPBUF                                        (abs)        00211
_SSPCON1                                       (abs)        00215
_SSPCON1bits                                   (abs)        00215
_SSPCON2                                       (abs)        00216
_SSPCON2bits                                   (abs)        00216
_SSPSTAT                                       (abs)        00214
_SSPSTATbits                                   (abs)        00214
_SYSTEM_Initialize                             text1        002E7
_T1CON                                         (abs)        00018
_T1CONbits                                     (abs)        00018
_T1GCON                                        (abs)        00019
_T1GCONbits                                    (abs)        00019
_TMR1H                                         (abs)        00017
_TMR1L                                         (abs)        00016
_TMR1_CallBack                                 text17       00377
_TMR1_DefaultInterruptHandler                  text18       00471
_TMR1_ISR                                      text15       0036A
_TMR1_Initialize                               text3        0029D
_TMR1_InterruptHandler                         nvBANK0      00062
_TMR1_SetInterruptHandler                      text4        003E7
_TMR1_WriteTimer                               text16       002FA
_TRISA                                         (abs)        0008C
_TRISB                                         (abs)        0008D
_TRISC                                         (abs)        0008E
_TRISE                                         (abs)        00090
_TXREG                                         (abs)        0019A
_TXSTA                                         (abs)        0019E
_TXSTAbits                                     (abs)        0019E
_Temperature                                   bssBANK0     00053
_WDTCON                                        (abs)        00097
_WDT_Initialize                                text2        00443
_WPUB                                          (abs)        0020D
_WPUE                                          (abs)        00210
__H__absolute__                                __absolute__ 00000
__Habs1                                        abs1         00000
__Hbank0                                       bank0        00000
__Hbank1                                       bank1        00000
__Hbank10                                      bank10       00000
__Hbank11                                      bank11       00000
__Hbank12                                      bank12       00000
__Hbank13                                      bank13       00000
__Hbank14                                      bank14       00000
__Hbank15                                      bank15       00000
__Hbank16                                      bank16       00000
__Hbank17                                      bank17       00000
__Hbank18                                      bank18       00000
__Hbank19                                      bank19       00000
__Hbank2                                       bank2        00000
__Hbank20                                      bank20       00000
__Hbank21                                      bank21       00000
__Hbank22                                      bank22       00000
__Hbank23                                      bank23       00000
__Hbank24                                      bank24       00000
__Hbank25                                      bank25       00000
__Hbank26                                      bank26       00000
__Hbank27                                      bank27       00000
__Hbank28                                      bank28       00000
__Hbank29                                      bank29       00000
__Hbank3                                       bank3        00000
__Hbank30                                      bank30       00000
__Hbank31                                      bank31       00000
__Hbank4                                       bank4        00000
__Hbank5                                       bank5        00000
__Hbank6                                       bank6        00000
__Hbank7                                       bank7        00000
__Hbank8                                       bank8        00000
__Hbank9                                       bank9        00000
__Hbigram                                      bigram       00000
__HbssBANK0                                    bssBANK0     00000
__HbssBANK1                                    bssBANK1     00000
__HbssCOMMON                                   bssCOMMON    00000
__Hcinit                                       cinit        0008C
__Hclrtext                                     clrtext      00000
__Hcode                                        code         00000
__Hcommon                                      common       00000
__Hconfig                                      config       08009
__HcstackBANK0                                 cstackBANK0  00000
__HcstackCOMMON                                cstackCOMMON 00000
__HdataBANK0                                   dataBANK0    00000
__Heeprom_data                                 eeprom_data  00000
__Hend_init                                    end_init     00057
__Hfunctab                                     functab      00000
__Hheap                                        heap         00000
__HidataBANK0                                  idataBANK0   00000
__Hidloc                                       idloc        08004
__Hinit                                        init         00055
__Hinittext                                    inittext     00000
__Hintentry                                    intentry     00055
__Hmaintext                                    maintext     00000
__HnvBANK0                                     nvBANK0      00000
__Hpowerup                                     powerup      00000
__Hram                                         ram          00000
__Hreset_vec                                   reset_vec    00002
__Hsfr0                                        sfr0         00000
__Hsfr1                                        sfr1         00000
__Hsfr10                                       sfr10        00000
__Hsfr11                                       sfr11        00000
__Hsfr12                                       sfr12        00000
__Hsfr13                                       sfr13        00000
__Hsfr14                                       sfr14        00000
__Hsfr15                                       sfr15        00000
__Hsfr16                                       sfr16        00000
__Hsfr17                                       sfr17        00000
__Hsfr18                                       sfr18        00000
__Hsfr19                                       sfr19        00000
__Hsfr2                                        sfr2         00000
__Hsfr20                                       sfr20        00000
__Hsfr21                                       sfr21        00000
__Hsfr22                                       sfr22        00000
__Hsfr23                                       sfr23        00000
__Hsfr24                                       sfr24        00000
__Hsfr25                                       sfr25        00000
__Hsfr26                                       sfr26        00000
__Hsfr27                                       sfr27        00000
__Hsfr28                                       sfr28        00000
__Hsfr29                                       sfr29        00000
__Hsfr3                                        sfr3         00000
__Hsfr30                                       sfr30        00000
__Hsfr31                                       sfr31        00000
__Hsfr4                                        sfr4         00000
__Hsfr5                                        sfr5         00000
__Hsfr6                                        sfr6         00000
__Hsfr7                                        sfr7         00000
__Hsfr8                                        sfr8         00000
__Hsfr9                                        sfr9         00000
__Hspace_0                                     (abs)        00473
__Hspace_1                                     (abs)        000D0
__Hspace_2                                     (abs)        00000
__Hspace_3                                     (abs)        00000
__Hspace_4                                     (abs)        10010
__Hstack                                       stack        00000
__Hstrings                                     strings      00000
__Hstringtext1                                 stringtext1  00000
__Hstringtext2                                 stringtext2  00000
__Htext                                        text         00000
__L__absolute__                                __absolute__ 00000
__Labs1                                        abs1         00000
__Lbank0                                       bank0        00000
__Lbank1                                       bank1        00000
__Lbank10                                      bank10       00000
__Lbank11                                      bank11       00000
__Lbank12                                      bank12       00000
__Lbank13                                      bank13       00000
__Lbank14                                      bank14       00000
__Lbank15                                      bank15       00000
__Lbank16                                      bank16       00000
__Lbank17                                      bank17       00000
__Lbank18                                      bank18       00000
__Lbank19                                      bank19       00000
__Lbank2                                       bank2        00000
__Lbank20                                      bank20       00000
__Lbank21                                      bank21       00000
__Lbank22                                      bank22       00000
__Lbank23                                      bank23       00000
__Lbank24                                      bank24       00000
__Lbank25                                      bank25       00000
__Lbank26                                      bank26       00000
__Lbank27                                      bank27       00000
__Lbank28                                      bank28       00000
__Lbank29                                      bank29       00000
__Lbank3                                       bank3        00000
__Lbank30                                      bank30       00000
__Lbank31                                      bank31       00000
__Lbank4                                       bank4        00000
__Lbank5                                       bank5        00000
__Lbank6                                       bank6        00000
__Lbank7                                       bank7        00000
__Lbank8                                       bank8        00000
__Lbank9                                       bank9        00000
__Lbigram                                      bigram       00000
__LbssBANK0                                    bssBANK0     00000
__LbssBANK1                                    bssBANK1     00000
__LbssCOMMON                                   bssCOMMON    00000
__Lcinit                                       cinit        00057
__Lclrtext                                     clrtext      00000
__Lcode                                        code         00000
__Lcommon                                      common       00000
__Lconfig                                      config       00000
__LcstackBANK0                                 cstackBANK0  00000
__LcstackCOMMON                                cstackCOMMON 00000
__LdataBANK0                                   dataBANK0    00000
__Leeprom_data                                 eeprom_data  00000
__Lend_init                                    end_init     00055
__Lfunctab                                     functab      00000
__Lheap                                        heap         00000
__LidataBANK0                                  idataBANK0   00000
__Lidloc                                       idloc        00000
__Linit                                        init         00055
__Linittext                                    inittext     00000
__Lintentry                                    intentry     00004
__Lmaintext                                    maintext     00000
__LnvBANK0                                     nvBANK0      00000
__Lpowerup                                     powerup      00000
__Lram                                         ram          00000
__Lreset_vec                                   reset_vec    00000
__Lsfr0                                        sfr0         00000
__Lsfr1                                        sfr1         00000
__Lsfr10                                       sfr10        00000
__Lsfr11                                       sfr11        00000
__Lsfr12                                       sfr12        00000
__Lsfr13                                       sfr13        00000
__Lsfr14                                       sfr14        00000
__Lsfr15                                       sfr15        00000
__Lsfr16                                       sfr16        00000
__Lsfr17                                       sfr17        00000
__Lsfr18                                       sfr18        00000
__Lsfr19                                       sfr19        00000
__Lsfr2                                        sfr2         00000
__Lsfr20                                       sfr20        00000
__Lsfr21                                       sfr21        00000
__Lsfr22                                       sfr22        00000
__Lsfr23                                       sfr23        00000
__Lsfr24                                       sfr24        00000
__Lsfr25                                       sfr25        00000
__Lsfr26                                       sfr26        00000
__Lsfr27                                       sfr27        00000
__Lsfr28                                       sfr28        00000
__Lsfr29                                       sfr29        00000
__Lsfr3                                        sfr3         00000
__Lsfr30                                       sfr30        00000
__Lsfr31                                       sfr31        00000
__Lsfr4                                        sfr4         00000
__Lsfr5                                        sfr5         00000
__Lsfr6                                        sfr6         00000
__Lsfr7                                        sfr7         00000
__Lsfr8                                        sfr8         00000
__Lsfr9                                        sfr9         00000
__Lspace_0                                     (abs)        00000
__Lspace_1                                     (abs)        00000
__Lspace_2                                     (abs)        00000
__Lspace_3                                     (abs)        00000
__Lspace_4                                     (abs)        00000
__Lstack                                       stack        00000
__Lstrings                                     strings      00000
__Lstringtext1                                 stringtext1  00000
__Lstringtext2                                 stringtext2  00000
__Ltext                                        text         00000
__S0                                           (abs)        00473
__S1                                           (abs)        000D0
__S3                                           (abs)        00000
___heap_hi                                     (abs)        00000
___heap_lo                                     (abs)        00000
___int_sp                                      stack        00000
___latbits                                     (abs)        00002
___sp                                          stack        00000
___stackhi                                     (abs)        00000
___stacklo                                     (abs)        00000
__end_of_EUSART_DefaultErrorHandler            text62       0045B
__end_of_EUSART_DefaultFramingErrorHandler     text61       00473
__end_of_EUSART_DefaultOverrunErrorHandler     text60       00457
__end_of_EUSART_Initialize                     text8        00164
__end_of_EUSART_Receive_ISR                    text59       0019E
__end_of_EUSART_RxDataHandler                  text63       002CF
__end_of_EUSART_SetErrorHandler                text13       0040B
__end_of_EUSART_SetFramingErrorHandler         text12       00405
__end_of_EUSART_SetOverrunErrorHandler         text11       003FF
__end_of_EUSART_SetRxInterruptHandler          text10       003F9
__end_of_EUSART_SetTxInterruptHandler          text9        003F3
__end_of_EUSART_Transmit_ISR                   text58       00261
__end_of_I2C_CallbackReturnReset               text46       0046F
__end_of_I2C_CallbackReturnStop                text47       00471
__end_of_I2C_DO_ADDRESS_NACK                   text23       0021B
__end_of_I2C_DO_IDLE                           text37       0043E
__end_of_I2C_DO_RCEN                           text32       003E1
__end_of_I2C_DO_RESET                          text24       00416
__end_of_I2C_DO_RX                             text33       00122
__end_of_I2C_DO_RX_ACK                         text27       00425
__end_of_I2C_DO_RX_NACK_RESTART                text25       0041B
__end_of_I2C_DO_RX_NACK_STOP                   text26       00420
__end_of_I2C_DO_SEND_ADR_READ                  text36       003C3
__end_of_I2C_DO_SEND_ADR_WRITE                 text35       003D3
__end_of_I2C_DO_SEND_RESTART                   text29       0042F
__end_of_I2C_DO_SEND_RESTART_READ              text31       00439
__end_of_I2C_DO_SEND_RESTART_WRITE             text30       00434
__end_of_I2C_DO_SEND_STOP                      text28       0042A
__end_of_I2C_DO_TX                             text34       000DF
__end_of_I2C_DO_TX_EMPTY                       text38       001CB
__end_of_I2C_Initialize                        text7        003BA
__end_of_I2C_MasterClearIrq                    text22       0045E
__end_of_I2C_MasterEnableRestart               text57       0046D
__end_of_I2C_MasterFsm                         text21       001F3
__end_of_I2C_MasterGetRxData                   text43       00464
__end_of_I2C_MasterIsNack                      text40       00411
__end_of_I2C_MasterIsr                         text20       0044B
__end_of_I2C_MasterSendAck                     text42       0044F
__end_of_I2C_MasterSendNack                    text44       00453
__end_of_I2C_MasterSendTxData                  text41       00443
__end_of_I2C_MasterSetIrq                      text39       00461
__end_of_I2C_MasterStartRx                     text45       00467
__end_of_I2C_MasterStop                        text56       0046A
__end_of_I2C_SetBuffer                         text55       0035D
__end_of_I2C_SetCallback                       text54       0023F
__end_of_I2C_SetDataCompleteCallback           text53       003A7
__end_of_INTERRUPT_InterruptManager            intentry     00055
__end_of_OSCILLATOR_Initialize                 text6        003DA
__end_of_PIN_MANAGER_Initialize                text5        0029D
__end_of_SYSTEM_Initialize                     text1        002FA
__end_of_TMR1_CallBack                         text17       00384
__end_of_TMR1_DefaultInterruptHandler          text18       00472
__end_of_TMR1_ISR                              text15       00377
__end_of_TMR1_Initialize                       text3        002B6
__end_of_TMR1_SetInterruptHandler              text4        003ED
__end_of_TMR1_WriteTimer                       text16       0030B
__end_of_WDT_Initialize                        text2        00447
__end_of__initialization                       cinit        00088
__end_of_fctsupported                          stringtext2  003CB
__end_of_i2c_fsmStateTable                     stringtext1  00281
__end_of_main                                  maintext     003E7
__end_of_rd1RegCompleteHandler                 text51       0033E
__end_of_rd2RegCompleteHandler                 text50       0032D
__end_of_rdBlkRegCompleteHandler               text48       002E7
__end_of_rtcc_handle                           text19       003B1
__end_of_wr1RegCompleteHandler                 text49       0031C
__end_of_wr2RegCompleteHandler                 text52       0034F
__initialization                               cinit        00057
__pbssBANK0                                    bssBANK0     00020
__pbssBANK1                                    bssBANK1     000A0
__pbssBIGRAM                                   (abs)        020D4
__pbssCOMMON                                   bssCOMMON    0007C
__pcstackBANK0                                 cstackBANK0  0006E
__pcstackCOMMON                                cstackCOMMON 00070
__pdataBANK0                                   dataBANK0    00055
__pidataBANK0                                  idataBANK0   0035D
__pintentry                                    intentry     00004
__pmaintext                                    maintext     003E1
__pnvBANK0                                     nvBANK0      00062
__pstringtext1                                 stringtext1  00261
__pstringtext2                                 stringtext2  003C3
__ptext1                                       text1        002E7
__ptext10                                      text10       003F3
__ptext11                                      text11       003F9
__ptext12                                      text12       003FF
__ptext13                                      text13       00405
__ptext15                                      text15       0036A
__ptext16                                      text16       002FA
__ptext17                                      text17       00377
__ptext18                                      text18       00471
__ptext19                                      text19       003A7
__ptext2                                       text2        00443
__ptext20                                      text20       00447
__ptext21                                      text21       001CB
__ptext22                                      text22       0045B
__ptext23                                      text23       001F3
__ptext24                                      text24       00411
__ptext25                                      text25       00416
__ptext26                                      text26       0041B
__ptext27                                      text27       00420
__ptext28                                      text28       00425
__ptext29                                      text29       0042A
__ptext3                                       text3        0029D
__ptext30                                      text30       0042F
__ptext31                                      text31       00434
__ptext32                                      text32       003DA
__ptext33                                      text33       000DF
__ptext34                                      text34       0008C
__ptext35                                      text35       003CB
__ptext36                                      text36       003BA
__ptext37                                      text37       00439
__ptext38                                      text38       0019E
__ptext39                                      text39       0045E
__ptext4                                       text4        003E7
__ptext40                                      text40       0040B
__ptext41                                      text41       0043E
__ptext42                                      text42       0044B
__ptext43                                      text43       00461
__ptext44                                      text44       0044F
__ptext45                                      text45       00464
__ptext46                                      text46       0046D
__ptext47                                      text47       0046F
__ptext48                                      text48       002CF
__ptext49                                      text49       0030B
__ptext5                                       text5        00281
__ptext50                                      text50       0031C
__ptext51                                      text51       0032D
__ptext52                                      text52       0033E
__ptext53                                      text53       0039C
__ptext54                                      text54       0021B
__ptext55                                      text55       0034F
__ptext56                                      text56       00467
__ptext57                                      text57       0046A
__ptext58                                      text58       0023F
__ptext59                                      text59       00164
__ptext6                                       text6        003D3
__ptext60                                      text60       00453
__ptext61                                      text61       00472
__ptext62                                      text62       00457
__ptext63                                      text63       002B6
__ptext7                                       text7        003B1
__ptext8                                       text8        00122
__ptext9                                       text9        003ED
_device_time                                   bssBANK0     0003D
_eusartRxBuffer                                bssBANK1     000B0
_eusartRxCount                                 bssCOMMON    0007C
_eusartRxHead                                  bssBANK0     00049
_eusartRxLastError                             bssBANK0     00048
_eusartRxStatusBuffer                          bssBANK1     000A0
_eusartRxTail                                  bssCOMMON    0007D
_eusartTxBuffer                                bssBANK1     000C0
_eusartTxBufferRemaining                       bssBANK0     0004A
_eusartTxHead                                  bssBANK0     0004C
_eusartTxTail                                  bssBANK0     0004B
_fctsupported                                  stringtext2  003C3
_i2c_fsmStateTable                             stringtext1  00261
_main                                          maintext     003E1
_rd1RegCompleteHandler                         text51       0032D
_rd2RegCompleteHandler                         text50       0031C
_rdBlkRegCompleteHandler                       text48       002CF
_rtcc_handle                                   text19       003A7
_timer1ReloadVal                               bssBANK0     00041
_wr1RegCompleteHandler                         text49       0030B
_wr2RegCompleteHandler                         text52       0033E
btemp                                          (abs)        0007E
clear_ram0                                     clrtext      00390
end_of_initialization                          cinit        00088
init_ram                                       inittext     00384
int$flags                                      (abs)        0007E
intlevel0                                      functab      00000
intlevel1                                      functab      00000
intlevel2                                      functab      00000
intlevel3                                      functab      00000
intlevel4                                      functab      00000
intlevel5                                      functab      00000
rd1RegCompleteHandler@ptr                      cstackCOMMON 00077
rd2RegCompleteHandler@ptr                      cstackCOMMON 00077
rdBlkRegCompleteHandler@ptr                    cstackCOMMON 00077
reset_vec                                      reset_vec    00000
start                                          init         00055
start_initialization                           cinit        00057
wr1RegCompleteHandler@ptr                      cstackCOMMON 00077
wr2RegCompleteHandler@ptr                      cstackCOMMON 00077
wtemp0                                         (abs)        0007E


MODULE INFORMATION

Module		Function		Class		Link	Load	Size
tick.c
		_rtcc_handle   		CODE           	03A7	0000	10

tick.c estimated size: 10

mcc_generated_files/interrupt_manager.c
		_INTERRUPT_InterruptManager		CODE           	0004	0000	81

mcc_generated_files/interrupt_manager.c estimated size: 81

mcc_generated_files/examples/i2c_master_example.c
		_wr1RegCompleteHandler		CODE           	030B	0000	17
		_wr2RegCompleteHandler		CODE           	033E	0000	17
		_rdBlkRegCompleteHandler		CODE           	02CF	0000	24
		_rd1RegCompleteHandler		CODE           	032D	0000	17
		_rd2RegCompleteHandler		CODE           	031C	0000	17

mcc_generated_files/examples/i2c_master_example.c estimated size: 92

mcc_generated_files/pin_manager.c
		_PIN_MANAGER_Initialize		CODE           	0281	0000	28

mcc_generated_files/pin_manager.c estimated size: 28

shared
		__initialization		CODE           	0057	0000	49
		_fctsupported  		STRCODE        	03C3	0000	8
		_i2c_fsmStateTable		STRCODE        	0261	0000	32

shared estimated size: 89

mcc_generated_files/mcc.c
		_WDT_Initialize		CODE           	0443	0000	4
		_OSCILLATOR_Initialize		CODE           	03D3	0000	7
		_SYSTEM_Initialize		CODE           	02E7	0000	19

mcc_generated_files/mcc.c estimated size: 30

mcc_generated_files/tmr1.c
		_TMR1_Initialize		CODE           	029D	0000	25
		_TMR1_SetInterruptHandler		CODE           	03E7	0000	6
		_TMR1_DefaultInterruptHandler		CODE           	0471	0000	1
		_TMR1_CallBack 		CODE           	0377	0000	13
		_TMR1_WriteTimer		CODE           	02FA	0000	17
		_TMR1_ISR      		CODE           	036A	0000	13

mcc_generated_files/tmr1.c estimated size: 75

mcc_generated_files/i2c_master.c
		_I2C_MasterStartRx		CODE           	0464	0000	3
		_I2C_DO_SEND_ADR_WRITE		CODE           	03CB	0000	8
		_I2C_DO_SEND_STOP		CODE           	0425	0000	5
		_I2C_MasterSendNack		CODE           	044F	0000	4
		_I2C_CallbackReturnStop		CODE           	046F	0000	2
		_I2C_DO_SEND_ADR_READ		CODE           	03BA	0000	9
		_I2C_DO_RX_NACK_STOP		CODE           	041B	0000	5
		_I2C_DO_SEND_RESTART		CODE           	042A	0000	5
		_I2C_DO_RX     		CODE           	00DF	0000	67
		_I2C_DO_TX     		CODE           	008C	0000	83
		_I2C_DO_IDLE   		CODE           	0439	0000	5
		_I2C_DO_RCEN   		CODE           	03DA	0000	7
		_I2C_DO_RESET  		CODE           	0411	0000	5
		_I2C_DO_RX_ACK 		CODE           	0420	0000	5
		_I2C_MasterClearIrq		CODE           	045B	0000	3
		_I2C_MasterGetRxData		CODE           	0461	0000	3
		_I2C_SetCallback		CODE           	021B	0000	36
		_I2C_DO_ADDRESS_NACK		CODE           	01F3	0000	40
		_I2C_MasterEnableRestart		CODE           	046A	0000	3
		_I2C_CallbackReturnReset		CODE           	046D	0000	2
		_I2C_DO_TX_EMPTY		CODE           	019E	0000	45
		_I2C_DO_SEND_RESTART_WRITE		CODE           	042F	0000	5
		_I2C_MasterIsNack		CODE           	040B	0000	6
		_I2C_SetDataCompleteCallback		CODE           	039C	0000	11
		_I2C_DO_RX_NACK_RESTART		CODE           	0416	0000	5
		_I2C_MasterSendAck		CODE           	044B	0000	4
		_I2C_MasterFsm 		CODE           	01CB	0000	40
		_I2C_MasterIsr 		CODE           	0447	0000	4
		_I2C_MasterSetIrq		CODE           	045E	0000	3
		_I2C_DO_SEND_RESTART_READ		CODE           	0434	0000	5
		_I2C_Initialize		CODE           	03B1	0000	9
		_I2C_SetBuffer 		CODE           	034F	0000	14
		_I2C_MasterSendTxData		CODE           	043E	0000	5
		_I2C_MasterStop		CODE           	0467	0000	3

mcc_generated_files/i2c_master.c estimated size: 459

mcc_generated_files/eusart.c
		_EUSART_SetRxInterruptHandler		CODE           	03F3	0000	6
		_EUSART_SetTxInterruptHandler		CODE           	03ED	0000	6
		_EUSART_DefaultOverrunErrorHandler		CODE           	0453	0000	4
		_EUSART_DefaultErrorHandler		CODE           	0457	0000	4
		_EUSART_Transmit_ISR		CODE           	023F	0000	34
		_EUSART_Initialize		CODE           	0122	0000	66
		_EUSART_SetFramingErrorHandler		CODE           	03FF	0000	6
		_EUSART_SetErrorHandler		CODE           	0405	0000	6
		_EUSART_SetOverrunErrorHandler		CODE           	03F9	0000	6
		_EUSART_Receive_ISR		CODE           	0164	0000	58
		_EUSART_RxDataHandler		CODE           	02B6	0000	25
		_EUSART_DefaultFramingErrorHandler		CODE           	0472	0000	1

mcc_generated_files/eusart.c estimated size: 222

main.c
		_main          		CODE           	03E1	0000	6

main.c estimated size: 6

