Microchip MPLAB XC8 Compiler V2.41

Linker command line:

-W-3 --edf=D:\MBLAP\MPLAB_v6.0\XC8\pic\dat\20230208172133_en.msgs -cn \
  -h+dist/default/production\MCU_PIC16F1936-I-SS_SHT30_ADM4852.production.sym \
  --cmf=dist/default/production\MCU_PIC16F1936-I-SS_SHT30_ADM4852.production.cmf \
  -z -Q16F1936 -oC:\Users\aecun\AppData\Local\Temp\xcAsbas.\driver_tmp_3.o \
  --defsym=__MPLAB_BUILD=1 --fixupoverflow=error \
  -Mdist/default/production/MCU_PIC16F1936-I-SS_SHT30_ADM4852.production.map \
  --md=C:\Users\aecun\AppData\Local\Temp\xcAsbas.\driver_tmp_0.dat -E1 \
  -ver=XC8 Compiler --acfsm=1493 -ACODE=00h-07FFhx4 -ASTRCODE=00h-01FFFh \
  -ASTRING=00h-0FFhx32 -ACONST=00h-0FFhx32 -AENTRY=00h-0FFhx32 \
  -ACOMMON=070h-07Fh -ABANK0=020h-06Fh -ABANK1=0A0h-0EFh \
  -ABANK2=0120h-016Fh -ABANK3=01A0h-01EFh -ABANK4=0220h-026Fh \
  -ABANK5=02A0h-02EFh -ABANK6=0320h-032Fh -ABIGRAM=02000h-021EFh \
  -ARAM=020h-06Fh,0A0h-0EFh,0120h-016Fh,01A0h-01EFh,0220h-026Fh,02A0h-02EFh,0320h-032Fh \
  -AABS1=020h-07Fh,0A0h-0EFh,0120h-016Fh,01A0h-01EFh,0220h-026Fh,02A0h-02EFh,0320h-032Fh \
  -ASFR0=00h-01Fh -ASFR1=080h-09Fh -ASFR2=0100h-011Fh -ASFR3=0180h-019Fh \
  -ASFR4=0200h-021Fh -ASFR5=0280h-029Fh -ASFR6=0300h-031Fh \
  -ASFR7=0380h-03EFh -ASFR8=0400h-046Fh -ASFR9=0480h-04EFh \
  -ASFR10=0500h-056Fh -ASFR11=0580h-05EFh -ASFR12=0600h-066Fh \
  -ASFR13=0680h-06EFh -ASFR14=0700h-076Fh -ASFR15=0780h-07EFh \
  -ASFR16=0800h-086Fh -ASFR17=0880h-08EFh -ASFR18=0900h-096Fh \
  -ASFR19=0980h-09EFh -ASFR20=0A00h-0A6Fh -ASFR21=0A80h-0AEFh \
  -ASFR22=0B00h-0B6Fh -ASFR23=0B80h-0BEFh -ASFR24=0C00h-0C6Fh \
  -ASFR25=0C80h-0CEFh -ASFR26=0D00h-0D6Fh -ASFR27=0D80h-0DEFh \
  -ASFR28=0E00h-0E6Fh -ASFR29=0E80h-0EEFh -ASFR30=0F00h-0F6Fh \
  -ASFR31=0F80h-0FEFh -ACONFIG=08007h-08008h -DCONFIG=2 \
  -AIDLOC=08000h-08003h -DIDLOC=2 -AEEDATA=00h-0FFh/0F000h \
  -peeprom_data=EEDATA -DEEDATA=2 -DCODE=2 -DSTRCODE=2 -DSTRING=2 -DCONST=2 \
  -DENTRY=2 -preset_vec=00h,intentry=04h,init,end_init -ppowerup=CODE \
  -pcinit=CODE -pfunctab=ENTRY -k \
  C:\Users\aecun\AppData\Local\Temp\xcAsbas.\driver_tmp_15.o \
  dist/default/production\MCU_PIC16F1936-I-SS_SHT30_ADM4852.production.o 

Object code version is 3.11

Machine type is 16F1936



                Name                               Link     Load   Length Selector   Space Scale
C:\Users\aecun\AppData\Local\Temp\xcAsbas.\driver_tmp_15.o
                end_init                             47       47        2        8       0
                reset_vec                             0        0        2        0       0
                config                             8007     8007        2        0       4
                idloc                              8000     8000        4        0       5
dist/default/production\MCU_PIC16F1936-I-SS_SHT30_ADM4852.production.o
                cinit                                49       49       13        8       0
                intentry                              4        4       43        8       0
                config                             8007     8007        2        0       4
                idloc                              8000     8000        4        0       5
                text48                              256      256       17      434       0
                text47                              31B      31B        4      434       0
                text46                              335      335        1      434       0
                text45                              317      317        4      434       0
                text44                              140      140       39        8       0
                text43                              21A      21A       20      434       0
                text42                              333      333        2      434       0
                text41                              331      331        2      434       0
                text40                              32E      32E        3      434       0
                text39                              32B      32B        3      434       0
                text38                              328      328        3      434       0
                text37                              313      313        4      434       0
                text36                              325      325        3      434       0
                text35                              30F      30F        4      434       0
                text34                              302      302        5      434       0
                text33                              2CF      2CF        6      434       0
                text32                              322      322        3      434       0
                text31                              179      179       2F        8       0
                text30                              2FD      2FD        5      434       0
                text29                              286      286        9      434       0
                text28                              28F      28F        8      434       0
                text27                               5C       5C       58        8       0
                text26                               B4       B4       4B        8       0
                text25                              29E      29E        7      434       0
                text24                              2F8      2F8        5      434       0
                text23                              2F3      2F3        5      434       0
                text22                              2EE      2EE        5      434       0
                text21                              2E9      2E9        5      434       0
                text20                              2E4      2E4        5      434       0
                text19                              2DF      2DF        5      434       0
                text18                              2DA      2DA        5      434       0
                text17                              2D5      2D5        5      434       0
                text16                              1A8      1A8       2A        8       0
                text15                              31F      31F        3      434       0
                text14                              1D2      1D2       28        8       0
                text13                              30B      30B        4      434       0
                text11                              2C9      2C9        6      434       0
                text10                              2C3      2C3        6      434       0
                text9                               2BD      2BD        6      434       0
                text8                               2B7      2B7        6      434       0
                text7                               2B1      2B1        6      434       0
                text6                                FF       FF       41        8       0
                text5                               27D      27D        9      434       0
                text4                               297      297        7      434       0
                text3                               23A      23A       1C      434       0
                text2                               307      307        4      434       0
                text1                               26D      26D       10      434       0
                maintext                            2AB      2AB        6      434       0
                cstackBANK0                          6C       6C        2       20       1
                cstackCOMMON                         77       77        5       70       1
                clrtext                             2A5      2A5        6      434       0
                bssBANK0                             20       20       42       20       1
                bssCOMMON                            70       70        7       70       1
                nvBANK0                              62       62        A       20       1
                stringtext1                         1FA      1FA       20      3F4       0

TOTAL           Name                               Link     Load   Length     Space
        CLASS   CODE           
                end_init                             47       47        2         0
                cinit                                49       49       13         0
                intentry                              4        4       43         0
                reset_vec                             0        0        2         0
                text48                              256      256       17         0
                text47                              31B      31B        4         0
                text46                              335      335        1         0
                text45                              317      317        4         0
                text44                              140      140       39         0
                text43                              21A      21A       20         0
                text42                              333      333        2         0
                text41                              331      331        2         0
                text40                              32E      32E        3         0
                text39                              32B      32B        3         0
                text38                              328      328        3         0
                text37                              313      313        4         0
                text36                              325      325        3         0
                text35                              30F      30F        4         0
                text34                              302      302        5         0
                text33                              2CF      2CF        6         0
                text32                              322      322        3         0
                text31                              179      179       2F         0
                text30                              2FD      2FD        5         0
                text29                              286      286        9         0
                text28                              28F      28F        8         0
                text27                               5C       5C       58         0
                text26                               B4       B4       4B         0
                text25                              29E      29E        7         0
                text24                              2F8      2F8        5         0
                text23                              2F3      2F3        5         0
                text22                              2EE      2EE        5         0
                text21                              2E9      2E9        5         0
                text20                              2E4      2E4        5         0
                text19                              2DF      2DF        5         0
                text18                              2DA      2DA        5         0
                text17                              2D5      2D5        5         0
                text16                              1A8      1A8       2A         0
                text15                              31F      31F        3         0
                text14                              1D2      1D2       28         0
                text13                              30B      30B        4         0
                text11                              2C9      2C9        6         0
                text10                              2C3      2C3        6         0
                text9                               2BD      2BD        6         0
                text8                               2B7      2B7        6         0
                text7                               2B1      2B1        6         0
                text6                                FF       FF       41         0
                text5                               27D      27D        9         0
                text4                               297      297        7         0
                text3                               23A      23A       1C         0
                text2                               307      307        4         0
                text1                               26D      26D       10         0
                maintext                            2AB      2AB        6         0
                clrtext                             2A5      2A5        6         0

        CLASS   STRCODE        
                stringtext1                         1FA      1FA       20         0

        CLASS   STRING         

        CLASS   CONST          

        CLASS   ENTRY          

        CLASS   COMMON         
                cstackCOMMON                         77       77        5         1
                bssCOMMON                            70       70        7         1

        CLASS   BANK0          
                cstackBANK0                          6C       6C        2         1
                bssBANK0                             20       20       42         1
                nvBANK0                              62       62        A         1

        CLASS   BANK1          

        CLASS   BANK2          

        CLASS   BANK3          

        CLASS   BANK4          

        CLASS   BANK5          

        CLASS   BANK6          

        CLASS   BIGRAM         

        CLASS   RAM            

        CLASS   ABS1           
                abs_s1                               7E       7E        2         1

        CLASS   SFR0           

        CLASS   SFR1           

        CLASS   SFR2           

        CLASS   SFR3           

        CLASS   SFR4           

        CLASS   SFR5           

        CLASS   SFR6           

        CLASS   SFR7           

        CLASS   SFR8           

        CLASS   SFR9           

        CLASS   SFR10          

        CLASS   SFR11          

        CLASS   SFR12          

        CLASS   SFR13          

        CLASS   SFR14          

        CLASS   SFR15          

        CLASS   SFR16          

        CLASS   SFR17          

        CLASS   SFR18          

        CLASS   SFR19          

        CLASS   SFR20          

        CLASS   SFR21          

        CLASS   SFR22          

        CLASS   SFR23          

        CLASS   SFR24          

        CLASS   SFR25          

        CLASS   SFR26          

        CLASS   SFR27          

        CLASS   SFR28          

        CLASS   SFR29          

        CLASS   SFR30          

        CLASS   SFR31          

        CLASS   CONFIG         
                config                             8007     8007        2         4

        CLASS   IDLOC          
                idloc                              8000     8000        4         5

        CLASS   EEDATA         

        CLASS   BANK31         

        CLASS   BANK30         

        CLASS   BANK29         

        CLASS   BANK28         

        CLASS   BANK27         

        CLASS   BANK26         

        CLASS   BANK25         

        CLASS   BANK24         

        CLASS   BANK23         

        CLASS   BANK22         

        CLASS   BANK21         

        CLASS   BANK20         

        CLASS   BANK19         

        CLASS   BANK18         

        CLASS   BANK17         

        CLASS   BANK16         

        CLASS   BANK15         

        CLASS   BANK14         

        CLASS   BANK13         

        CLASS   BANK12         

        CLASS   BANK11         

        CLASS   BANK10         

        CLASS   BANK9          

        CLASS   BANK8          

        CLASS   BANK7          

        CLASS   HEAP           

        CLASS   STACK          



SEGMENTS        Name                           Load    Length   Top    Selector   Space  Class     Delta

                reset_vec                      000000  000002  000002         0       0  CODE        2
                intentry                       000004  0001F6  0001FA         8       0  CODE        2
                bssBANK0                       000020  00004E  00006E        20       1  BANK0       1
                bssCOMMON                      000070  00000C  00007C        70       1  COMMON      1
                stringtext1                    0001FA  000020  00021A       3F4       0  STRCODE     2
                text43                         00021A  00011C  000336       434       0  CODE        2


UNUSED ADDRESS RANGES

        Name                Unused          Largest block    Delta
        BANK0            0006E-0006F               2           1
        BANK1            000A0-000EF              50           1
        BANK2            00120-0016F              50           1
        BANK3            001A0-001EF              50           1
        BANK4            00220-0026F              50           1
        BANK5            002A0-002EF              50           1
        BANK6            00320-0032F              10           1
        BIGRAM           02000-021EF             1F0           1
        CODE             00002-00003               2           2
                         00336-01FFF             800
        COMMON           0007C-0007D               2           1
        CONST            00002-00003               2           2
                         00336-01FFF             100
        EEDATA           0F000-0F0FF             100           2
        ENTRY            00002-00003               2           2
                         00336-01FFF             100
        RAM              0006E-0006F               2           1
                         000A0-000EF              50
                         00120-0016F              50
                         001A0-001EF              50
                         00220-0026F              50
                         002A0-002EF              50
                         00320-0032F              10
        SFR0             00000-0001F              20           1
        SFR1             00080-0009F              20           1
        SFR10            00500-0056F              70           1
        SFR11            00580-005EF              70           1
        SFR12            00600-0066F              70           1
        SFR13            00680-006EF              70           1
        SFR14            00700-0076F              70           1
        SFR15            00780-007EF              70           1
        SFR16            00800-0086F              70           1
        SFR17            00880-008EF              70           1
        SFR18            00900-0096F              70           1
        SFR19            00980-009EF              70           1
        SFR2             00100-0011F              20           1
        SFR20            00A00-00A6F              70           1
        SFR21            00A80-00AEF              70           1
        SFR22            00B00-00B6F              70           1
        SFR23            00B80-00BEF              70           1
        SFR24            00C00-00C6F              70           1
        SFR25            00C80-00CEF              70           1
        SFR26            00D00-00D6F              70           1
        SFR27            00D80-00DEF              70           1
        SFR28            00E00-00E6F              70           1
        SFR29            00E80-00EEF              70           1
        SFR3             00180-0019F              20           1
        SFR30            00F00-00F6F              70           1
        SFR31            00F80-00FEF              70           1
        SFR4             00200-0021F              20           1
        SFR5             00280-0029F              20           1
        SFR6             00300-0031F              20           1
        SFR7             00380-003EF              70           1
        SFR8             00400-0046F              70           1
        SFR9             00480-004EF              70           1
        STRCODE          00002-00003               2           2
                         00336-01FFF            1CCA
        STRING           00002-00003               2           2
                         00336-01FFF             100

                                  Symbol Table

EUSART_SetErrorHandler@interruptHandler        cstackBANK0  0006C
EUSART_SetFramingErrorHandler@interruptHandler cstackBANK0  0006C
EUSART_SetOverrunErrorHandler@interruptHandler cstackBANK0  0006C
EUSART_SetRxInterruptHandler@interruptHandler  cstackBANK0  0006C
EUSART_SetTxInterruptHandler@interruptHandler  cstackBANK0  0006C
I2C_CallbackReturnReset@funPtr                 cstackCOMMON 00077
I2C_MasterSendTxData@data                      cstackCOMMON 00077
_ANSELA                                        (abs)        0018C
_ANSELB                                        (abs)        0018D
_APFCON                                        (abs)        0011D
_BAUDCON                                       (abs)        0019F
_BORCON                                        (abs)        00116
_EUSART_DefaultErrorHandler                    text47       0031B
_EUSART_DefaultFramingErrorHandler             text46       00335
_EUSART_DefaultOverrunErrorHandler             text45       00317
_EUSART_ErrorHandler                           nvBANK0      00062
_EUSART_FramingErrorHandler                    nvBANK0      00066
_EUSART_Initialize                             text6        000FF
_EUSART_OverrunErrorHandler                    nvBANK0      00064
_EUSART_Receive_ISR                            text44       00140
_EUSART_RxDataHandler                          text48       00256
_EUSART_RxDefaultInterruptHandler              nvBANK0      00068
_EUSART_SetErrorHandler                        text11       002C9
_EUSART_SetFramingErrorHandler                 text10       002C3
_EUSART_SetOverrunErrorHandler                 text9        002BD
_EUSART_SetRxInterruptHandler                  text8        002B7
_EUSART_SetTxInterruptHandler                  text7        002B1
_EUSART_Transmit_ISR                           text43       0021A
_EUSART_TxDefaultInterruptHandler              nvBANK0      0006A
_I2C_CallbackReturnReset                       text41       00331
_I2C_CallbackReturnStop                        text42       00333
_I2C_DO_ADDRESS_NACK                           text16       001A8
_I2C_DO_IDLE                                   text30       002FD
_I2C_DO_RCEN                                   text25       0029E
_I2C_DO_RESET                                  text17       002D5
_I2C_DO_RX                                     text26       000B4
_I2C_DO_RX_ACK                                 text20       002E4
_I2C_DO_RX_NACK_RESTART                        text18       002DA
_I2C_DO_RX_NACK_STOP                           text19       002DF
_I2C_DO_SEND_ADR_READ                          text29       00286
_I2C_DO_SEND_ADR_WRITE                         text28       0028F
_I2C_DO_SEND_RESTART                           text22       002EE
_I2C_DO_SEND_RESTART_READ                      text24       002F8
_I2C_DO_SEND_RESTART_WRITE                     text23       002F3
_I2C_DO_SEND_STOP                              text21       002E9
_I2C_DO_TX                                     text27       0005C
_I2C_DO_TX_EMPTY                               text31       00179
_I2C_Initialize                                text5        0027D
_I2C_MasterClearIrq                            text15       0031F
_I2C_MasterEnableRestart                       text40       0032E
_I2C_MasterFsm                                 text14       001D2
_I2C_MasterGetRxData                           text36       00325
_I2C_MasterIsNack                              text33       002CF
_I2C_MasterIsr                                 text13       0030B
_I2C_MasterSendAck                             text35       0030F
_I2C_MasterSendNack                            text37       00313
_I2C_MasterSendTxData                          text34       00302
_I2C_MasterSetIrq                              text32       00322
_I2C_MasterStartRx                             text38       00328
_I2C_MasterStop                                text39       0032B
_I2C_Status                                    bssBANK0     00020
_INTCONbits                                    (abs)        0000B
_INTERRUPT_InterruptManager                    intentry     00004
_LATA                                          (abs)        0010C
_LATB                                          (abs)        0010D
_LATC                                          (abs)        0010E
_LATE                                          (abs)        00110
_MSSP_InterruptHandler                         bssBANK0     00060
_OPTION_REGbits                                (abs)        00095
_OSCCON                                        (abs)        00099
_OSCILLATOR_Initialize                         text4        00297
_OSCTUNE                                       (abs)        00098
_PIE1bits                                      (abs)        00091
_PIE2bits                                      (abs)        00092
_PIN_MANAGER_Initialize                        text3        0023A
_PIR1bits                                      (abs)        00011
_PIR2bits                                      (abs)        00012
_RCREG                                         (abs)        00199
_RCSTA                                         (abs)        0019D
_RCSTAbits                                     (abs)        0019D
_SPBRGH                                        (abs)        0019C
_SPBRGL                                        (abs)        0019B
_SSPADD                                        (abs)        00212
_SSPBUF                                        (abs)        00211
_SSPCON1                                       (abs)        00215
_SSPCON1bits                                   (abs)        00215
_SSPCON2                                       (abs)        00216
_SSPCON2bits                                   (abs)        00216
_SSPSTAT                                       (abs)        00214
_SSPSTATbits                                   (abs)        00214
_SYSTEM_Initialize                             text1        0026D
_TRISA                                         (abs)        0008C
_TRISB                                         (abs)        0008D
_TRISC                                         (abs)        0008E
_TRISE                                         (abs)        00090
_TXREG                                         (abs)        0019A
_TXSTA                                         (abs)        0019E
_TXSTAbits                                     (abs)        0019E
_WDTCON                                        (abs)        00097
_WDT_Initialize                                text2        00307
_WPUB                                          (abs)        0020D
_WPUE                                          (abs)        00210
__H__absolute__                                __absolute__ 00000
__Habs1                                        abs1         00000
__Hbank0                                       bank0        00000
__Hbank1                                       bank1        00000
__Hbank10                                      bank10       00000
__Hbank11                                      bank11       00000
__Hbank12                                      bank12       00000
__Hbank13                                      bank13       00000
__Hbank14                                      bank14       00000
__Hbank15                                      bank15       00000
__Hbank16                                      bank16       00000
__Hbank17                                      bank17       00000
__Hbank18                                      bank18       00000
__Hbank19                                      bank19       00000
__Hbank2                                       bank2        00000
__Hbank20                                      bank20       00000
__Hbank21                                      bank21       00000
__Hbank22                                      bank22       00000
__Hbank23                                      bank23       00000
__Hbank24                                      bank24       00000
__Hbank25                                      bank25       00000
__Hbank26                                      bank26       00000
__Hbank27                                      bank27       00000
__Hbank28                                      bank28       00000
__Hbank29                                      bank29       00000
__Hbank3                                       bank3        00000
__Hbank30                                      bank30       00000
__Hbank31                                      bank31       00000
__Hbank4                                       bank4        00000
__Hbank5                                       bank5        00000
__Hbank6                                       bank6        00000
__Hbank7                                       bank7        00000
__Hbank8                                       bank8        00000
__Hbank9                                       bank9        00000
__Hbigram                                      bigram       00000
__HbssBANK0                                    bssBANK0     00000
__HbssCOMMON                                   bssCOMMON    00000
__Hcinit                                       cinit        0005C
__Hclrtext                                     clrtext      00000
__Hcode                                        code         00000
__Hcommon                                      common       00000
__Hconfig                                      config       08009
__HcstackBANK0                                 cstackBANK0  00000
__HcstackCOMMON                                cstackCOMMON 00000
__Heeprom_data                                 eeprom_data  00000
__Hend_init                                    end_init     00049
__Hfunctab                                     functab      00000
__Hheap                                        heap         00000
__Hidloc                                       idloc        08004
__Hinit                                        init         00047
__Hintentry                                    intentry     00047
__Hmaintext                                    maintext     00000
__HnvBANK0                                     nvBANK0      00000
__Hpowerup                                     powerup      00000
__Hram                                         ram          00000
__Hreset_vec                                   reset_vec    00002
__Hsfr0                                        sfr0         00000
__Hsfr1                                        sfr1         00000
__Hsfr10                                       sfr10        00000
__Hsfr11                                       sfr11        00000
__Hsfr12                                       sfr12        00000
__Hsfr13                                       sfr13        00000
__Hsfr14                                       sfr14        00000
__Hsfr15                                       sfr15        00000
__Hsfr16                                       sfr16        00000
__Hsfr17                                       sfr17        00000
__Hsfr18                                       sfr18        00000
__Hsfr19                                       sfr19        00000
__Hsfr2                                        sfr2         00000
__Hsfr20                                       sfr20        00000
__Hsfr21                                       sfr21        00000
__Hsfr22                                       sfr22        00000
__Hsfr23                                       sfr23        00000
__Hsfr24                                       sfr24        00000
__Hsfr25                                       sfr25        00000
__Hsfr26                                       sfr26        00000
__Hsfr27                                       sfr27        00000
__Hsfr28                                       sfr28        00000
__Hsfr29                                       sfr29        00000
__Hsfr3                                        sfr3         00000
__Hsfr30                                       sfr30        00000
__Hsfr31                                       sfr31        00000
__Hsfr4                                        sfr4         00000
__Hsfr5                                        sfr5         00000
__Hsfr6                                        sfr6         00000
__Hsfr7                                        sfr7         00000
__Hsfr8                                        sfr8         00000
__Hsfr9                                        sfr9         00000
__Hspace_0                                     (abs)        00336
__Hspace_1                                     (abs)        0007C
__Hspace_2                                     (abs)        00000
__Hspace_3                                     (abs)        00000
__Hspace_4                                     (abs)        10010
__Hstack                                       stack        00000
__Hstrings                                     strings      00000
__Hstringtext1                                 stringtext1  00000
__Htext                                        text         00000
__L__absolute__                                __absolute__ 00000
__Labs1                                        abs1         00000
__Lbank0                                       bank0        00000
__Lbank1                                       bank1        00000
__Lbank10                                      bank10       00000
__Lbank11                                      bank11       00000
__Lbank12                                      bank12       00000
__Lbank13                                      bank13       00000
__Lbank14                                      bank14       00000
__Lbank15                                      bank15       00000
__Lbank16                                      bank16       00000
__Lbank17                                      bank17       00000
__Lbank18                                      bank18       00000
__Lbank19                                      bank19       00000
__Lbank2                                       bank2        00000
__Lbank20                                      bank20       00000
__Lbank21                                      bank21       00000
__Lbank22                                      bank22       00000
__Lbank23                                      bank23       00000
__Lbank24                                      bank24       00000
__Lbank25                                      bank25       00000
__Lbank26                                      bank26       00000
__Lbank27                                      bank27       00000
__Lbank28                                      bank28       00000
__Lbank29                                      bank29       00000
__Lbank3                                       bank3        00000
__Lbank30                                      bank30       00000
__Lbank31                                      bank31       00000
__Lbank4                                       bank4        00000
__Lbank5                                       bank5        00000
__Lbank6                                       bank6        00000
__Lbank7                                       bank7        00000
__Lbank8                                       bank8        00000
__Lbank9                                       bank9        00000
__Lbigram                                      bigram       00000
__LbssBANK0                                    bssBANK0     00000
__LbssCOMMON                                   bssCOMMON    00000
__Lcinit                                       cinit        00049
__Lclrtext                                     clrtext      00000
__Lcode                                        code         00000
__Lcommon                                      common       00000
__Lconfig                                      config       00000
__LcstackBANK0                                 cstackBANK0  00000
__LcstackCOMMON                                cstackCOMMON 00000
__Leeprom_data                                 eeprom_data  00000
__Lend_init                                    end_init     00047
__Lfunctab                                     functab      00000
__Lheap                                        heap         00000
__Lidloc                                       idloc        00000
__Linit                                        init         00047
__Lintentry                                    intentry     00004
__Lmaintext                                    maintext     00000
__LnvBANK0                                     nvBANK0      00000
__Lpowerup                                     powerup      00000
__Lram                                         ram          00000
__Lreset_vec                                   reset_vec    00000
__Lsfr0                                        sfr0         00000
__Lsfr1                                        sfr1         00000
__Lsfr10                                       sfr10        00000
__Lsfr11                                       sfr11        00000
__Lsfr12                                       sfr12        00000
__Lsfr13                                       sfr13        00000
__Lsfr14                                       sfr14        00000
__Lsfr15                                       sfr15        00000
__Lsfr16                                       sfr16        00000
__Lsfr17                                       sfr17        00000
__Lsfr18                                       sfr18        00000
__Lsfr19                                       sfr19        00000
__Lsfr2                                        sfr2         00000
__Lsfr20                                       sfr20        00000
__Lsfr21                                       sfr21        00000
__Lsfr22                                       sfr22        00000
__Lsfr23                                       sfr23        00000
__Lsfr24                                       sfr24        00000
__Lsfr25                                       sfr25        00000
__Lsfr26                                       sfr26        00000
__Lsfr27                                       sfr27        00000
__Lsfr28                                       sfr28        00000
__Lsfr29                                       sfr29        00000
__Lsfr3                                        sfr3         00000
__Lsfr30                                       sfr30        00000
__Lsfr31                                       sfr31        00000
__Lsfr4                                        sfr4         00000
__Lsfr5                                        sfr5         00000
__Lsfr6                                        sfr6         00000
__Lsfr7                                        sfr7         00000
__Lsfr8                                        sfr8         00000
__Lsfr9                                        sfr9         00000
__Lspace_0                                     (abs)        00000
__Lspace_1                                     (abs)        00000
__Lspace_2                                     (abs)        00000
__Lspace_3                                     (abs)        00000
__Lspace_4                                     (abs)        00000
__Lstack                                       stack        00000
__Lstrings                                     strings      00000
__Lstringtext1                                 stringtext1  00000
__Ltext                                        text         00000
__S0                                           (abs)        00336
__S1                                           (abs)        0007C
__S3                                           (abs)        00000
___heap_hi                                     (abs)        00000
___heap_lo                                     (abs)        00000
___int_sp                                      stack        00000
___latbits                                     (abs)        00002
___sp                                          stack        00000
___stackhi                                     (abs)        00000
___stacklo                                     (abs)        00000
__end_of_EUSART_DefaultErrorHandler            text47       0031F
__end_of_EUSART_DefaultFramingErrorHandler     text46       00336
__end_of_EUSART_DefaultOverrunErrorHandler     text45       0031B
__end_of_EUSART_Initialize                     text6        00140
__end_of_EUSART_Receive_ISR                    text44       00179
__end_of_EUSART_RxDataHandler                  text48       0026D
__end_of_EUSART_SetErrorHandler                text11       002CF
__end_of_EUSART_SetFramingErrorHandler         text10       002C9
__end_of_EUSART_SetOverrunErrorHandler         text9        002C3
__end_of_EUSART_SetRxInterruptHandler          text8        002BD
__end_of_EUSART_SetTxInterruptHandler          text7        002B7
__end_of_EUSART_Transmit_ISR                   text43       0023A
__end_of_I2C_CallbackReturnReset               text41       00333
__end_of_I2C_CallbackReturnStop                text42       00335
__end_of_I2C_DO_ADDRESS_NACK                   text16       001D2
__end_of_I2C_DO_IDLE                           text30       00302
__end_of_I2C_DO_RCEN                           text25       002A5
__end_of_I2C_DO_RESET                          text17       002DA
__end_of_I2C_DO_RX                             text26       000FF
__end_of_I2C_DO_RX_ACK                         text20       002E9
__end_of_I2C_DO_RX_NACK_RESTART                text18       002DF
__end_of_I2C_DO_RX_NACK_STOP                   text19       002E4
__end_of_I2C_DO_SEND_ADR_READ                  text29       0028F
__end_of_I2C_DO_SEND_ADR_WRITE                 text28       00297
__end_of_I2C_DO_SEND_RESTART                   text22       002F3
__end_of_I2C_DO_SEND_RESTART_READ              text24       002FD
__end_of_I2C_DO_SEND_RESTART_WRITE             text23       002F8
__end_of_I2C_DO_SEND_STOP                      text21       002EE
__end_of_I2C_DO_TX                             text27       000B4
__end_of_I2C_DO_TX_EMPTY                       text31       001A8
__end_of_I2C_Initialize                        text5        00286
__end_of_I2C_MasterClearIrq                    text15       00322
__end_of_I2C_MasterEnableRestart               text40       00331
__end_of_I2C_MasterFsm                         text14       001FA
__end_of_I2C_MasterGetRxData                   text36       00328
__end_of_I2C_MasterIsNack                      text33       002D5
__end_of_I2C_MasterIsr                         text13       0030F
__end_of_I2C_MasterSendAck                     text35       00313
__end_of_I2C_MasterSendNack                    text37       00317
__end_of_I2C_MasterSendTxData                  text34       00307
__end_of_I2C_MasterSetIrq                      text32       00325
__end_of_I2C_MasterStartRx                     text38       0032B
__end_of_I2C_MasterStop                        text39       0032E
__end_of_INTERRUPT_InterruptManager            intentry     00047
__end_of_OSCILLATOR_Initialize                 text4        0029E
__end_of_PIN_MANAGER_Initialize                text3        00256
__end_of_SYSTEM_Initialize                     text1        0027D
__end_of_WDT_Initialize                        text2        0030B
__end_of__initialization                       cinit        00058
__end_of_i2c_fsmStateTable                     stringtext1  0021A
__end_of_main                                  maintext     002B1
__initialization                               cinit        00049
__pbssBANK0                                    bssBANK0     00020
__pbssCOMMON                                   bssCOMMON    00070
__pcstackBANK0                                 cstackBANK0  0006C
__pcstackCOMMON                                cstackCOMMON 00077
__pintentry                                    intentry     00004
__pmaintext                                    maintext     002AB
__pnvBANK0                                     nvBANK0      00062
__pstringtext1                                 stringtext1  001FA
__ptext1                                       text1        0026D
__ptext10                                      text10       002C3
__ptext11                                      text11       002C9
__ptext13                                      text13       0030B
__ptext14                                      text14       001D2
__ptext15                                      text15       0031F
__ptext16                                      text16       001A8
__ptext17                                      text17       002D5
__ptext18                                      text18       002DA
__ptext19                                      text19       002DF
__ptext2                                       text2        00307
__ptext20                                      text20       002E4
__ptext21                                      text21       002E9
__ptext22                                      text22       002EE
__ptext23                                      text23       002F3
__ptext24                                      text24       002F8
__ptext25                                      text25       0029E
__ptext26                                      text26       000B4
__ptext27                                      text27       0005C
__ptext28                                      text28       0028F
__ptext29                                      text29       00286
__ptext3                                       text3        0023A
__ptext30                                      text30       002FD
__ptext31                                      text31       00179
__ptext32                                      text32       00322
__ptext33                                      text33       002CF
__ptext34                                      text34       00302
__ptext35                                      text35       0030F
__ptext36                                      text36       00325
__ptext37                                      text37       00313
__ptext38                                      text38       00328
__ptext39                                      text39       0032B
__ptext4                                       text4        00297
__ptext40                                      text40       0032E
__ptext41                                      text41       00331
__ptext42                                      text42       00333
__ptext43                                      text43       0021A
__ptext44                                      text44       00140
__ptext45                                      text45       00317
__ptext46                                      text46       00335
__ptext47                                      text47       0031B
__ptext48                                      text48       00256
__ptext5                                       text5        0027D
__ptext6                                       text6        000FF
__ptext7                                       text7        002B1
__ptext8                                       text8        002B7
__ptext9                                       text9        002BD
_eusartRxBuffer                                bssBANK0     0004C
_eusartRxCount                                 bssCOMMON    00071
_eusartRxHead                                  bssCOMMON    00073
_eusartRxLastError                             bssCOMMON    00070
_eusartRxStatusBuffer                          bssBANK0     00044
_eusartRxTail                                  bssCOMMON    00072
_eusartTxBuffer                                bssBANK0     00054
_eusartTxBufferRemaining                       bssCOMMON    00074
_eusartTxHead                                  bssCOMMON    00076
_eusartTxTail                                  bssCOMMON    00075
_i2c_fsmStateTable                             stringtext1  001FA
_main                                          maintext     002AB
btemp                                          (abs)        0007E
clear_ram0                                     clrtext      002A5
end_of_initialization                          cinit        00058
int$flags                                      (abs)        0007E
intlevel0                                      functab      00000
intlevel1                                      functab      00000
intlevel2                                      functab      00000
intlevel3                                      functab      00000
intlevel4                                      functab      00000
intlevel5                                      functab      00000
reset_vec                                      reset_vec    00000
start                                          init         00047
start_initialization                           cinit        00049
wtemp0                                         (abs)        0007E


MODULE INFORMATION

Module		Function		Class		Link	Load	Size
mcc_generated_files/interrupt_manager.c
		_INTERRUPT_InterruptManager		CODE           	0004	0000	67

mcc_generated_files/interrupt_manager.c estimated size: 67

mcc_generated_files/pin_manager.c
		_PIN_MANAGER_Initialize		CODE           	023A	0000	28

mcc_generated_files/pin_manager.c estimated size: 28

shared
		__initialization		CODE           	0049	0000	15
		_i2c_fsmStateTable		STRCODE        	01FA	0000	32

shared estimated size: 47

mcc_generated_files/mcc.c
		_WDT_Initialize		CODE           	0307	0000	4
		_OSCILLATOR_Initialize		CODE           	0297	0000	7
		_SYSTEM_Initialize		CODE           	026D	0000	16

mcc_generated_files/mcc.c estimated size: 27

mcc_generated_files/i2c_master.c
		_I2C_MasterStartRx		CODE           	0328	0000	3
		_I2C_DO_SEND_ADR_WRITE		CODE           	028F	0000	8
		_I2C_DO_SEND_STOP		CODE           	02E9	0000	5
		_I2C_MasterSendNack		CODE           	0313	0000	4
		_I2C_CallbackReturnStop		CODE           	0333	0000	2
		_I2C_DO_SEND_ADR_READ		CODE           	0286	0000	9
		_I2C_DO_RX_NACK_STOP		CODE           	02DF	0000	5
		_I2C_DO_SEND_RESTART		CODE           	02EE	0000	5
		_I2C_DO_RX     		CODE           	00B4	0000	75
		_I2C_DO_TX     		CODE           	005C	0000	88
		_I2C_DO_IDLE   		CODE           	02FD	0000	5
		_I2C_DO_RCEN   		CODE           	029E	0000	7
		_I2C_DO_RESET  		CODE           	02D5	0000	5
		_I2C_DO_RX_ACK 		CODE           	02E4	0000	5
		_I2C_MasterClearIrq		CODE           	031F	0000	3
		_I2C_MasterGetRxData		CODE           	0325	0000	3
		_I2C_DO_ADDRESS_NACK		CODE           	01A8	0000	42
		_I2C_MasterEnableRestart		CODE           	032E	0000	3
		_I2C_CallbackReturnReset		CODE           	0331	0000	2
		_I2C_DO_TX_EMPTY		CODE           	0179	0000	47
		_I2C_DO_SEND_RESTART_WRITE		CODE           	02F3	0000	5
		_I2C_MasterIsNack		CODE           	02CF	0000	6
		_I2C_DO_RX_NACK_RESTART		CODE           	02DA	0000	5
		_I2C_MasterSendAck		CODE           	030F	0000	4
		_I2C_MasterFsm 		CODE           	01D2	0000	40
		_I2C_MasterIsr 		CODE           	030B	0000	4
		_I2C_MasterSetIrq		CODE           	0322	0000	3
		_I2C_DO_SEND_RESTART_READ		CODE           	02F8	0000	5
		_I2C_Initialize		CODE           	027D	0000	9
		_I2C_MasterSendTxData		CODE           	0302	0000	5
		_I2C_MasterStop		CODE           	032B	0000	3

mcc_generated_files/i2c_master.c estimated size: 415

mcc_generated_files/eusart.c
		_EUSART_SetRxInterruptHandler		CODE           	02B7	0000	6
		_EUSART_SetTxInterruptHandler		CODE           	02B1	0000	6
		_EUSART_DefaultOverrunErrorHandler		CODE           	0317	0000	4
		_EUSART_DefaultErrorHandler		CODE           	031B	0000	4
		_EUSART_Transmit_ISR		CODE           	021A	0000	32
		_EUSART_Initialize		CODE           	00FF	0000	65
		_EUSART_SetFramingErrorHandler		CODE           	02C3	0000	6
		_EUSART_SetErrorHandler		CODE           	02C9	0000	6
		_EUSART_SetOverrunErrorHandler		CODE           	02BD	0000	6
		_EUSART_Receive_ISR		CODE           	0140	0000	57
		_EUSART_RxDataHandler		CODE           	0256	0000	23
		_EUSART_DefaultFramingErrorHandler		CODE           	0335	0000	1

mcc_generated_files/eusart.c estimated size: 216

main.c
		_main          		CODE           	02AB	0000	6

main.c estimated size: 6

